---
source: src/datafusion-local/src/tests/mod.rs
expression: "format!(\"plan: \\n{}\\nvalues: \\n{}\\nstats:\\n{}\", plan, values, stats)"
---
plan: 
┌───────────────────────────┐
│       DataSourceExec      │
│    --------------------   │
│          files: 1         │
│                           │
│          format:          │
│       liquid_parquet      │
└───────────────────────────┘

values: 
+---------------------+
| WatchID             |
+---------------------+
| 6978470580070504163 |
+---------------------+
stats:
entries.total: 4
entries.after_first_run: 4
entries.memory.arrow: 4
entries.memory.liquid: 0
entries.disk.liquid: 0
entries.disk.arrow: 0
usage.memory_bytes: [bytes]
usage.disk_bytes: [bytes]
RuntimeStatsSnapshot:
  get: 1
  get_with_selection: 1
  eval_predicate: 4
  try_read_liquid_calls: 0
  read_io_count: 0
  write_io_count: 0
  disk_evictions: 0
  disk_reservation_failures: 0
  eval_predicate_on_liquid_failed: 0
