---
source: src/core/src/cache/tests/policies.rs
expression: trace
---
EventTrace: [
event=insert_success entry=0 kind=MemoryArrow
event=insert_failed entry=1 kind=MemoryArrow
event=squeeze_begin victims=[0]
event=squeeze_victim entry=0
event=insert_success entry=0 kind=MemoryLiquid
event=insert_failed entry=1 kind=MemoryArrow
event=squeeze_begin victims=[0]
event=squeeze_victim entry=0
event=io_write entry=0 kind=DiskLiquid bytes=1320
event=insert_success entry=0 kind=DiskLiquid
event=insert_failed entry=1 kind=MemoryArrow
event=insert_failed entry=1 kind=MemoryLiquid
event=io_write entry=1 kind=MemoryLiquid bytes=34600
event=insert_success entry=1 kind=DiskLiquid
event=read entry=1 selection=false expr=None cached=DiskLiquid
event=io_read_liquid entry=1 bytes=34600
event=hydrate entry=1 cached=DiskLiquid new=MemoryLiquid
event=insert_failed entry=1 kind=MemoryLiquid
event=insert_success entry=1 kind=DiskLiquid
]
