---
source: src/core/src/cache/tests/policies.rs
expression: trace
---
EventTrace: [
event=insert_success entry=0 kind=MemoryArrow
event=insert_success entry=1 kind=MemoryArrow
event=insert_failed entry=2 kind=MemoryArrow
event=squeeze_begin victims=[0,1]
event=squeeze_victim entry=0
event=insert_success entry=0 kind=MemoryLiquid
event=squeeze_victim entry=1
event=insert_success entry=1 kind=MemoryLiquid
event=insert_success entry=2 kind=MemoryArrow
event=insert_failed entry=3 kind=MemoryArrow
event=squeeze_begin victims=[2,0,1]
event=squeeze_victim entry=2
event=insert_success entry=2 kind=MemoryLiquid
event=squeeze_victim entry=0
event=io_write entry=0 kind=DiskLiquid bytes=1320
event=insert_success entry=0 kind=DiskLiquid
event=squeeze_victim entry=1
event=io_write entry=1 kind=DiskLiquid bytes=1320
event=insert_success entry=1 kind=DiskLiquid
event=insert_success entry=3 kind=MemoryArrow
event=insert_failed entry=4 kind=MemoryArrow
event=squeeze_begin victims=[3,2]
event=squeeze_victim entry=3
event=insert_success entry=3 kind=MemoryLiquid
event=squeeze_victim entry=2
event=io_write entry=2 kind=DiskLiquid bytes=1320
event=insert_success entry=2 kind=DiskLiquid
event=insert_success entry=4 kind=MemoryArrow
event=read entry=0 selection=false expr=None cached=DiskLiquid
event=io_read_liquid entry=0 bytes=1320
event=hydrate entry=0 cached=DiskLiquid new=MemoryLiquid
event=insert_success entry=0 kind=MemoryLiquid
event=read entry=1 selection=false expr=None cached=DiskLiquid
event=io_read_liquid entry=1 bytes=1320
event=hydrate entry=1 cached=DiskLiquid new=MemoryLiquid
event=insert_success entry=1 kind=MemoryLiquid
event=read entry=2 selection=false expr=None cached=DiskLiquid
event=io_read_liquid entry=2 bytes=1320
event=hydrate entry=2 cached=DiskLiquid new=MemoryLiquid
event=insert_success entry=2 kind=MemoryLiquid
event=read entry=3 selection=false expr=None cached=MemoryLiquid
event=read entry=4 selection=false expr=None cached=MemoryArrow
]
