---
source: src/datafusion-client/src/tests/mod.rs
expression: displayable.tree_render().to_string()
---
┌───────────────────────────┐
│  SortPreservingMergeExec  │
│    --------------------   │
│ supplier_cnt DESC, p_brand│
│   ASC NULLS LAST, p_type  │
│   ASC NULLS LAST, p_size  │
│       ASC NULLS LAST      │
└─────────────┬─────────────┘
┌─────────────┴─────────────┐
│       ProjectionExec      │
│    --------------------   │
│      p_brand: p_brand     │
│       p_size: p_size      │
│       p_type: p_type      │
│                           │
│       supplier_cnt:       │
│       count(alias1)       │
└─────────────┬─────────────┘
┌─────────────┴─────────────┐
│          SortExec         │
│    --------------------   │
│   count(alias1)@3 DESC,   │
│     p_brand@0 ASC NULLS   │
│  LAST, p_type@1 ASC NULLS │
│  LAST, p_size@2 ASC NULLS │
│            LAST           │
└─────────────┬─────────────┘
┌─────────────┴─────────────┐
│       AggregateExec       │
│    --------------------   │
│    aggr: count(alias1)    │
│                           │
│         group_by:         │
│  p_brand, p_type, p_size  │
│                           │
│           mode:           │
│      FinalPartitioned     │
└─────────────┬─────────────┘
┌─────────────┴─────────────┐
│      RepartitionExec      │
│    --------------------   │
│ partition_count(in->out): │
│           8 -> 8          │
│                           │
│    partitioning_scheme:   │
│ Hash([p_brand@0, p_type@1,│
│        p_size@2], 8)      │
└─────────────┬─────────────┘
┌─────────────┴─────────────┐
│       AggregateExec       │
│    --------------------   │
│    aggr: count(alias1)    │
│                           │
│         group_by:         │
│  p_brand, p_type, p_size  │
│                           │
│       mode: Partial       │
└─────────────┬─────────────┘
┌─────────────┴─────────────┐
│       AggregateExec       │
│    --------------------   │
│         group_by:         │
│  p_brand, p_type, p_size, │
│           alias1          │
│                           │
│           mode:           │
│      FinalPartitioned     │
└─────────────┬─────────────┘
┌─────────────┴─────────────┐
│      RepartitionExec      │
│    --------------------   │
│ partition_count(in->out): │
│           8 -> 8          │
│                           │
│    partitioning_scheme:   │
│ Hash([p_brand@0, p_type@1,│
│   p_size@2, alias1@3], 8) │
└─────────────┬─────────────┘
┌─────────────┴─────────────┐
│       AggregateExec       │
│    --------------------   │
│         group_by:         │
│  p_brand, p_type, p_size, │
│    ps_suppkey as alias1   │
│                           │
│       mode: Partial       │
└─────────────┬─────────────┘
┌─────────────┴─────────────┐
│        HashJoinExec       │
│    --------------------   │
│    join_type: LeftAnti    │
│                           │
│         null_aware        ├───────────────────────────────────────────┐
│                           │                                           │
│            on:            │                                           │
│  (ps_suppkey = s_suppkey) │                                           │
└─────────────┬─────────────┘                                           │
┌─────────────┴─────────────┐                             ┌─────────────┴─────────────┐
│        HashJoinExec       │                             │   LiquidCacheClientExec   │
│    --------------------   │                             │    --------------------   │
│            on:            ├──────────────┐              │          server:          │
│  (p_partkey = ps_partkey) │              │              │  http://localhost:50051,  │
│                           │              │              │      object_stores=[]     │
└─────────────┬─────────────┘              │              └─────────────┬─────────────┘
┌─────────────┴─────────────┐┌─────────────┴─────────────┐┌─────────────┴─────────────┐
│   LiquidCacheClientExec   ││   LiquidCacheClientExec   ││      RepartitionExec      │
│    --------------------   ││    --------------------   ││    --------------------   │
│          server:          ││          server:          ││ partition_count(in->out): │
│  http://localhost:50051,  ││  http://localhost:50051,  ││           1 -> 8          │
│      object_stores=[]     ││      object_stores=[]     ││                           │
│                           ││                           ││    partitioning_scheme:   │
│                           ││                           ││     RoundRobinBatch(8)    │
└─────────────┬─────────────┘└─────────────┬─────────────┘└─────────────┬─────────────┘
┌─────────────┴─────────────┐┌─────────────┴─────────────┐┌─────────────┴─────────────┐
│       DataSourceExec      ││       DataSourceExec      ││       DataSourceExec      │
│    --------------------   ││    --------------------   ││    --------------------   │
│          files: 1         ││          files: 1         ││          files: 1         │
│      format: parquet      ││      format: parquet      ││      format: parquet      │
│                           ││                           ││                           │
│         predicate:        ││                           ││         predicate:        │
│  p_brand != Brand#45 AND  ││                           ││  s_comment LIKE %Customer │
│    p_size IN (49, 14, 23  ││                           ││        %Complaints%       │
│  , 45, 19, 3, 36, 9) AND  ││                           ││                           │
│   p_type NOT LIKE MEDIUM  ││                           ││                           │
│          POLISHED%        ││                           ││                           │
└───────────────────────────┘└───────────────────────────┘└───────────────────────────┘
