---
source: src/datafusion-client/src/tests/mod.rs
expression: displayable.tree_render().to_string()
---
┌───────────────────────────┐
│     ScalarSubqueryExec    ├────────────────────────────────────────────────────────────────────────┐
└─────────────┬─────────────┘                                                                        │
┌─────────────┴─────────────┐                                                          ┌─────────────┴─────────────┐
│  SortPreservingMergeExec  │                                                          │       ProjectionExec      │
│    --------------------   │                                                          │    --------------------   │
│         value DESC        │                                                          │ sum(partsupp.ps_supplycost│
│                           │                                                          │  * partsupp.ps_availqty)  │
│                           │                                                          │     * Float64(0.0001):    │
│                           │                                                          │   CAST(CAST(sum(partsupp  │
│                           │                                                          │      .ps_supplycost *     │
│                           │                                                          │          partsupp         │
│                           │                                                          │       .ps_availqty)       │
│                           │                                                          │   AS Float64) * 0.0001 AS │
│                           │                                                          │     Decimal128(38, 15))   │
└─────────────┬─────────────┘                                                          └─────────────┬─────────────┘
┌─────────────┴─────────────┐                                                          ┌─────────────┴─────────────┐
│       ProjectionExec      │                                                          │       AggregateExec       │
│    --------------------   │                                                          │    --------------------   │
│        ps_partkey:        │                                                          │           aggr:           │
│         ps_partkey        │                                                          │ sum(partsupp.ps_supplycost│
│                           │                                                          │   * partsupp.ps_availqty) │
│           value:          │                                                          │                           │
│ sum(partsupp.ps_supplycost│                                                          │        mode: Final        │
│   * partsupp.ps_availqty) │                                                          │                           │
└─────────────┬─────────────┘                                                          └─────────────┬─────────────┘
┌─────────────┴─────────────┐                                                          ┌─────────────┴─────────────┐
│          SortExec         │                                                          │   CoalescePartitionsExec  │
│    --------------------   │                                                          │                           │
│ sum(partsupp.ps_supplycost│                                                          │                           │
│   * partsupp.ps_availqty) │                                                          │                           │
│          @1 DESC          │                                                          │                           │
└─────────────┬─────────────┘                                                          └─────────────┬─────────────┘
┌─────────────┴─────────────┐                                                          ┌─────────────┴─────────────┐
│         FilterExec        │                                                          │       AggregateExec       │
│    --------------------   │                                                          │    --------------------   │
│         predicate:        │                                                          │           aggr:           │
│     CAST(sum(partsupp     │                                                          │ sum(partsupp.ps_supplycost│
│      .ps_supplycost *     │                                                          │   * partsupp.ps_availqty) │
│  partsupp.ps_availqty) AS │                                                          │                           │
│   Decimal128(38, 15)) >   │                                                          │       mode: Partial       │
│     (scalar subquery)     │                                                          │                           │
└─────────────┬─────────────┘                                                          └─────────────┬─────────────┘
┌─────────────┴─────────────┐                                                          ┌─────────────┴─────────────┐
│       AggregateExec       │                                                          │        HashJoinExec       │
│    --------------------   │                                                          │    --------------------   │
│           aggr:           │                                                          │            on:            │
│ sum(partsupp.ps_supplycost│                                                          │(n_nationkey = s_nationkey)│
│   * partsupp.ps_availqty) │                                                          │                           │
│                           │                                                          │                           ├──────────────┐
│    group_by: ps_partkey   │                                                          │                           │              │
│                           │                                                          │                           │              │
│           mode:           │                                                          │                           │              │
│      FinalPartitioned     │                                                          │                           │              │
└─────────────┬─────────────┘                                                          └─────────────┬─────────────┘              │
┌─────────────┴─────────────┐                                                          ┌─────────────┴─────────────┐┌─────────────┴─────────────┐
│      RepartitionExec      │                                                          │   LiquidCacheClientExec   ││      RepartitionExec      │
│    --------------------   │                                                          │    --------------------   ││    --------------------   │
│ partition_count(in->out): │                                                          │          server:          ││ partition_count(in->out): │
│           8 -> 8          │                                                          │  http://localhost:50051,  ││           1 -> 8          │
│                           │                                                          │      object_stores=[]     ││                           │
│    partitioning_scheme:   │                                                          │                           ││    partitioning_scheme:   │
│  Hash([ps_partkey@0], 8)  │                                                          │                           ││     RoundRobinBatch(8)    │
└─────────────┬─────────────┘                                                          └─────────────┬─────────────┘└─────────────┬─────────────┘
┌─────────────┴─────────────┐                                                          ┌─────────────┴─────────────┐┌─────────────┴─────────────┐
│       AggregateExec       │                                                          │       DataSourceExec      ││        HashJoinExec       │
│    --------------------   │                                                          │    --------------------   ││    --------------------   │
│           aggr:           │                                                          │          files: 1         ││            on:            │
│ sum(partsupp.ps_supplycost│                                                          │      format: parquet      ││  (s_suppkey = ps_suppkey) │
│   * partsupp.ps_availqty) │                                                          │                           ││                           ├──────────────┐
│                           │                                                          │         predicate:        ││                           │              │
│    group_by: ps_partkey   │                                                          │      n_name = GERMANY     ││                           │              │
│       mode: Partial       │                                                          │                           ││                           │              │
└─────────────┬─────────────┘                                                          └───────────────────────────┘└─────────────┬─────────────┘              │
┌─────────────┴─────────────┐                                                                                       ┌─────────────┴─────────────┐┌─────────────┴─────────────┐
│        HashJoinExec       │                                                                                       │   LiquidCacheClientExec   ││   LiquidCacheClientExec   │
│    --------------------   │                                                                                       │    --------------------   ││    --------------------   │
│            on:            ├──────────────┐                                                                        │          server:          ││          server:          │
│(n_nationkey = s_nationkey)│              │                                                                        │  http://localhost:50051,  ││  http://localhost:50051,  │
│                           │              │                                                                        │      object_stores=[]     ││      object_stores=[]     │
└─────────────┬─────────────┘              │                                                                        └─────────────┬─────────────┘└─────────────┬─────────────┘
┌─────────────┴─────────────┐┌─────────────┴─────────────┐                                                          ┌─────────────┴─────────────┐┌─────────────┴─────────────┐
│   LiquidCacheClientExec   ││      RepartitionExec      │                                                          │       DataSourceExec      ││       DataSourceExec      │
│    --------------------   ││    --------------------   │                                                          │    --------------------   ││    --------------------   │
│          server:          ││ partition_count(in->out): │                                                          │          files: 1         ││          files: 1         │
│  http://localhost:50051,  ││           1 -> 8          │                                                          │      format: parquet      ││      format: parquet      │
│      object_stores=[]     ││                           │                                                          │                           ││                           │
│                           ││    partitioning_scheme:   │                                                          │                           ││                           │
│                           ││     RoundRobinBatch(8)    │                                                          │                           ││                           │
└─────────────┬─────────────┘└─────────────┬─────────────┘                                                          └───────────────────────────┘└───────────────────────────┘
┌─────────────┴─────────────┐┌─────────────┴─────────────┐
│       DataSourceExec      ││        HashJoinExec       │
│    --------------------   ││    --------------------   │
│          files: 1         ││            on:            │
│      format: parquet      ││  (s_suppkey = ps_suppkey) ├──────────────┐
│                           ││                           │              │
│         predicate:        ││                           │              │
│      n_name = GERMANY     ││                           │              │
└───────────────────────────┘└─────────────┬─────────────┘              │
                             ┌─────────────┴─────────────┐┌─────────────┴─────────────┐
                             │   LiquidCacheClientExec   ││   LiquidCacheClientExec   │
                             │    --------------------   ││    --------------------   │
                             │          server:          ││          server:          │
                             │  http://localhost:50051,  ││  http://localhost:50051,  │
                             │      object_stores=[]     ││      object_stores=[]     │
                             └─────────────┬─────────────┘└─────────────┬─────────────┘
                             ┌─────────────┴─────────────┐┌─────────────┴─────────────┐
                             │       DataSourceExec      ││       DataSourceExec      │
                             │    --------------------   ││    --------------------   │
                             │          files: 1         ││          files: 1         │
                             │      format: parquet      ││      format: parquet      │
                             └───────────────────────────┘└───────────────────────────┘
