---
source: src/datafusion-client/src/tests/mod.rs
expression: displayable.tree_render().to_string()
---
┌───────────────────────────┐
│       ProjectionExec      │
│    --------------------   │
│        avg_yearly:        │
│     CAST(sum(lineitem     │
│      .l_extendedprice     │
│     ) AS Float64) / 7     │
└─────────────┬─────────────┘
┌─────────────┴─────────────┐
│       AggregateExec       │
│    --------------------   │
│           aggr:           │
│        sum(lineitem       │
│        .l_extendedp       │
│           rice)           │
│                           │
│        mode: Final        │
└─────────────┬─────────────┘
┌─────────────┴─────────────┐
│   CoalescePartitionsExec  │
└─────────────┬─────────────┘
┌─────────────┴─────────────┐
│       AggregateExec       │
│    --------------------   │
│           aggr:           │
│        sum(lineitem       │
│        .l_extendedp       │
│           rice)           │
│                           │
│       mode: Partial       │
└─────────────┬─────────────┘
┌─────────────┴─────────────┐
│        HashJoinExec       │
│    --------------------   │
│          filter:          │
│     CAST(l_quantity AS    │
│       Decimal128(30,      │
│    15)) < Float64(0.2) *  ├──────────────┐
│  avg(lineitem.l_quantity) │              │
│                           │              │
│            on:            │              │
│  (l_partkey = p_partkey)  │              │
└─────────────┬─────────────┘              │
┌─────────────┴─────────────┐┌─────────────┴─────────────┐
│   CoalescePartitionsExec  ││      RepartitionExec      │
│                           ││    --------------------   │
│                           ││ partition_count(in->out): │
│                           ││           1 -> 8          │
│                           ││                           │
│                           ││    partitioning_scheme:   │
│                           ││     RoundRobinBatch(8)    │
└─────────────┬─────────────┘└─────────────┬─────────────┘
┌─────────────┴─────────────┐┌─────────────┴─────────────┐
│       ProjectionExec      ││        HashJoinExec       │
│    --------------------   ││    --------------------   │
│     Float64(0.2) * avg    ││            on:            │
│         (lineitem         ││  (p_partkey = l_partkey)  │
│       .l_quantity):       ││                           │
│    CAST(0.2 * CAST(avg    ││                           │
│         (lineitem         ││                           ├──────────────┐
│      .l_quantity) AS      ││                           │              │
│   Float64) AS Decimal128  ││                           │              │
│         (30, 15))         ││                           │              │
│                           ││                           │              │
│    l_partkey: l_partkey   ││                           │              │
└─────────────┬─────────────┘└─────────────┬─────────────┘              │
┌─────────────┴─────────────┐┌─────────────┴─────────────┐┌─────────────┴─────────────┐
│       AggregateExec       ││   LiquidCacheClientExec   ││   LiquidCacheClientExec   │
│    --------------------   ││    --------------------   ││    --------------------   │
│           aggr:           ││          server:          ││          server:          │
│  avg(lineitem.l_quantity) ││  http://localhost:50051,  ││  http://localhost:50051,  │
│                           ││      object_stores=[]     ││      object_stores=[]     │
│    group_by: l_partkey    ││                           ││                           │
│                           ││                           ││                           │
│           mode:           ││                           ││                           │
│      FinalPartitioned     ││                           ││                           │
└─────────────┬─────────────┘└─────────────┬─────────────┘└─────────────┬─────────────┘
┌─────────────┴─────────────┐┌─────────────┴─────────────┐┌─────────────┴─────────────┐
│      RepartitionExec      ││       DataSourceExec      ││       DataSourceExec      │
│    --------------------   ││    --------------------   ││    --------------------   │
│ partition_count(in->out): ││          files: 1         ││          files: 1         │
│           1 -> 8          ││      format: parquet      ││      format: parquet      │
│                           ││                           ││                           │
│    partitioning_scheme:   ││         predicate:        ││                           │
│   Hash([l_partkey@0], 8)  ││   p_brand = Brand#23 AND  ││                           │
│                           ││    p_container = MED BOX  ││                           │
└─────────────┬─────────────┘└───────────────────────────┘└───────────────────────────┘
┌─────────────┴─────────────┐
│       AggregateExec       │
│    --------------------   │
│           aggr:           │
│  avg(lineitem.l_quantity) │
│                           │
│    group_by: l_partkey    │
│       mode: Partial       │
└─────────────┬─────────────┘
┌─────────────┴─────────────┐
│   LiquidCacheClientExec   │
│    --------------------   │
│          server:          │
│  http://localhost:50051,  │
│      object_stores=[]     │
└─────────────┬─────────────┘
┌─────────────┴─────────────┐
│       DataSourceExec      │
│    --------------------   │
│          files: 1         │
│      format: parquet      │
└───────────────────────────┘
