---
source: src/datafusion-client/src/tests/mod.rs
expression: displayable.tree_render().to_string()
---
┌───────────────────────────┐
│  SortPreservingMergeExec  │
│    --------------------   │
│         limit: 20         │
│                           │
│        revenue DESC       │
└─────────────┬─────────────┘
┌─────────────┴─────────────┐
│       ProjectionExec      │
│    --------------------   │
│    c_acctbal: c_acctbal   │
│    c_address: c_address   │
│    c_comment: c_comment   │
│    c_custkey: c_custkey   │
│       c_name: c_name      │
│      c_phone: c_phone     │
│       n_name: n_name      │
│                           │
│          revenue:         │
│        sum(lineitem       │
│        .l_extendedp       │
│ rice * Int64(1) - lineitem│
│        .l_discount)       │
└─────────────┬─────────────┘
┌─────────────┴─────────────┐
│       SortExec(TopK)      │
│    --------------------   │
│         limit: 20         │
│                           │
│        sum(lineitem       │
│        .l_extendedp       │
│ rice * Int64(1) - lineitem│
│    .l_discount)@7 DESC    │
└─────────────┬─────────────┘
┌─────────────┴─────────────┐
│       AggregateExec       │
│    --------------------   │
│           aggr:           │
│        sum(lineitem       │
│        .l_extendedp       │
│    rice * 1 - lineitem    │
│      .l_discount) as      │
│        sum(lineitem       │
│      .l_extendedprice     │
│    * Int64(1) - lineitem  │
│        .l_discount)       │
│                           │
│         group_by:         │
│     c_custkey, c_name,    │
│         c_acctbal,        │
│      c_phone, n_name,     │
│    c_address, c_comment   │
│                           │
│           mode:           │
│      FinalPartitioned     │
└─────────────┬─────────────┘
┌─────────────┴─────────────┐
│      RepartitionExec      │
│    --------------------   │
│ partition_count(in->out): │
│           8 -> 8          │
│                           │
│    partitioning_scheme:   │
│ Hash([c_custkey@0, c_name │
│  @1, c_acctbal@2, c_phone │
│ @3, n_name@4, c_address@5 │
│     , c_comment@6], 8)    │
└─────────────┬─────────────┘
┌─────────────┴─────────────┐
│       AggregateExec       │
│    --------------------   │
│           aggr:           │
│        sum(lineitem       │
│        .l_extendedp       │
│    rice * 1 - lineitem    │
│      .l_discount) as      │
│        sum(lineitem       │
│      .l_extendedprice     │
│    * Int64(1) - lineitem  │
│        .l_discount)       │
│                           │
│         group_by:         │
│     c_custkey, c_name,    │
│         c_acctbal,        │
│      c_phone, n_name,     │
│    c_address, c_comment   │
│                           │
│       mode: Partial       │
└─────────────┬─────────────┘
┌─────────────┴─────────────┐
│        HashJoinExec       │
│    --------------------   │
│            on:            ├──────────────┐
│(n_nationkey = c_nationkey)│              │
└─────────────┬─────────────┘              │
┌─────────────┴─────────────┐┌─────────────┴─────────────┐
│   LiquidCacheClientExec   ││        HashJoinExec       │
│    --------------------   ││    --------------------   │
│          server:          ││            on:            ├───────────────────────────────────────────┐
│  http://localhost:50051,  ││ (o_orderkey = l_orderkey) │                                           │
│      object_stores=[]     ││                           │                                           │
└─────────────┬─────────────┘└─────────────┬─────────────┘                                           │
┌─────────────┴─────────────┐┌─────────────┴─────────────┐                             ┌─────────────┴─────────────┐
│       DataSourceExec      ││        HashJoinExec       │                             │   LiquidCacheClientExec   │
│    --------------------   ││    --------------------   │                             │    --------------------   │
│          files: 1         ││            on:            ├──────────────┐              │          server:          │
│      format: parquet      ││  (o_custkey = c_custkey)  │              │              │  http://localhost:50051,  │
│                           ││                           │              │              │      object_stores=[]     │
└───────────────────────────┘└─────────────┬─────────────┘              │              └─────────────┬─────────────┘
                             ┌─────────────┴─────────────┐┌─────────────┴─────────────┐┌─────────────┴─────────────┐
                             │   LiquidCacheClientExec   ││   LiquidCacheClientExec   ││      RepartitionExec      │
                             │    --------------------   ││    --------------------   ││    --------------------   │
                             │          server:          ││          server:          ││ partition_count(in->out): │
                             │  http://localhost:50051,  ││  http://localhost:50051,  ││           1 -> 8          │
                             │      object_stores=[]     ││      object_stores=[]     ││                           │
                             │                           ││                           ││    partitioning_scheme:   │
                             │                           ││                           ││     RoundRobinBatch(8)    │
                             └─────────────┬─────────────┘└─────────────┬─────────────┘└─────────────┬─────────────┘
                             ┌─────────────┴─────────────┐┌─────────────┴─────────────┐┌─────────────┴─────────────┐
                             │       DataSourceExec      ││       DataSourceExec      ││       DataSourceExec      │
                             │    --------------------   ││    --------------------   ││    --------------------   │
                             │          files: 1         ││          files: 1         ││          files: 1         │
                             │      format: parquet      ││      format: parquet      ││      format: parquet      │
                             │                           ││                           ││                           │
                             │         predicate:        ││                           ││         predicate:        │
                             │ o_orderdate >= 1993-10-01 ││                           ││      l_returnflag = R     │
                             │   AND o_orderdate < 1994  ││                           ││                           │
                             │           -01-01          ││                           ││                           │
                             └───────────────────────────┘└───────────────────────────┘└───────────────────────────┘
