---
source: src/datafusion-client/src/tests/mod.rs
expression: displayable.tree_render().to_string()
---
┌───────────────────────────┐
│  SortPreservingMergeExec  │
│    --------------------   │
│ s_acctbal DESC, n_name ASC│
│   NULLS LAST, s_name ASC  │
│    NULLS LAST, p_partkey  │
│       ASC NULLS LAST      │
└─────────────┬─────────────┘
┌─────────────┴─────────────┐
│          SortExec         │
│    --------------------   │
│ s_acctbal@0 DESC, n_name@2│
│  ASC NULLS LAST, s_name@1 │
│       ASC NULLS LAST,     │
│       p_partkey@3 ASC     │
│         NULLS LAST        │
└─────────────┬─────────────┘
┌─────────────┴─────────────┐
│        HashJoinExec       │
│    --------------------   │
│    join_type: LeftSemi    │
│                           │
│            on:            │
│ (p_partkey = ps_partkey), ├──────────────────────────────────────────────────────────────────────────────────────────────────────────────────────────────────┐
│    (ps_supplycost = min   │                                                                                                                                  │
│         (partsupp         │                                                                                                                                  │
│       .ps_supplycost      │                                                                                                                                  │
│             ))            │                                                                                                                                  │
└─────────────┬─────────────┘                                                                                                                                  │
┌─────────────┴─────────────┐                                                                                                                    ┌─────────────┴─────────────┐
│   CoalescePartitionsExec  │                                                                                                                    │       ProjectionExec      │
│                           │                                                                                                                    │    --------------------   │
│                           │                                                                                                                    │ min(partsupp.ps_supplycost│
│                           │                                                                                                                    │             ):            │
│                           │                                                                                                                    │min(partsupp.ps_supplycost)│
│                           │                                                                                                                    │                           │
│                           │                                                                                                                    │        ps_partkey:        │
│                           │                                                                                                                    │         ps_partkey        │
└─────────────┬─────────────┘                                                                                                                    └─────────────┬─────────────┘
┌─────────────┴─────────────┐                                                                                                                    ┌─────────────┴─────────────┐
│        HashJoinExec       │                                                                                                                    │       AggregateExec       │
│    --------------------   │                                                                                                                    │    --------------------   │
│            on:            │                                                                                                                    │           aggr:           │
│(r_regionkey = n_regionkey)│                                                                                                                    │min(partsupp.ps_supplycost)│
│                           ├──────────────┐                                                                                                     │                           │
│                           │              │                                                                                                     │    group_by: ps_partkey   │
│                           │              │                                                                                                     │                           │
│                           │              │                                                                                                     │           mode:           │
│                           │              │                                                                                                     │      FinalPartitioned     │
└─────────────┬─────────────┘              │                                                                                                     └─────────────┬─────────────┘
┌─────────────┴─────────────┐┌─────────────┴─────────────┐                                                                                       ┌─────────────┴─────────────┐
│   LiquidCacheClientExec   ││        HashJoinExec       │                                                                                       │      RepartitionExec      │
│    --------------------   ││    --------------------   │                                                                                       │    --------------------   │
│          server:          ││            on:            │                                                                                       │ partition_count(in->out): │
│  http://localhost:50051,  ││(n_nationkey = s_nationkey)├──────────────┐                                                                        │           8 -> 8          │
│      object_stores=[]     ││                           │              │                                                                        │                           │
│                           ││                           │              │                                                                        │    partitioning_scheme:   │
│                           ││                           │              │                                                                        │  Hash([ps_partkey@0], 8)  │
└─────────────┬─────────────┘└─────────────┬─────────────┘              │                                                                        └─────────────┬─────────────┘
┌─────────────┴─────────────┐┌─────────────┴─────────────┐┌─────────────┴─────────────┐                                                          ┌─────────────┴─────────────┐
│       DataSourceExec      ││   LiquidCacheClientExec   ││        HashJoinExec       │                                                          │       AggregateExec       │
│    --------------------   ││    --------------------   ││    --------------------   │                                                          │    --------------------   │
│          files: 1         ││          server:          ││            on:            │                                                          │           aggr:           │
│      format: parquet      ││  http://localhost:50051,  ││  (s_suppkey = ps_suppkey) ├──────────────┐                                           │min(partsupp.ps_supplycost)│
│                           ││      object_stores=[]     ││                           │              │                                           │                           │
│         predicate:        ││                           ││                           │              │                                           │    group_by: ps_partkey   │
│      r_name = EUROPE      ││                           ││                           │              │                                           │       mode: Partial       │
└───────────────────────────┘└─────────────┬─────────────┘└─────────────┬─────────────┘              │                                           └─────────────┬─────────────┘
                             ┌─────────────┴─────────────┐┌─────────────┴─────────────┐┌─────────────┴─────────────┐                             ┌─────────────┴─────────────┐
                             │       DataSourceExec      ││   LiquidCacheClientExec   ││      RepartitionExec      │                             │        HashJoinExec       │
                             │    --------------------   ││    --------------------   ││    --------------------   │                             │    --------------------   │
                             │          files: 1         ││          server:          ││ partition_count(in->out): │                             │            on:            │
                             │      format: parquet      ││  http://localhost:50051,  ││           1 -> 8          │                             │(r_regionkey = n_regionkey)├──────────────┐
                             │                           ││      object_stores=[]     ││                           │                             │                           │              │
                             │                           ││                           ││    partitioning_scheme:   │                             │                           │              │
                             │                           ││                           ││     RoundRobinBatch(8)    │                             │                           │              │
                             └───────────────────────────┘└─────────────┬─────────────┘└─────────────┬─────────────┘                             └─────────────┬─────────────┘              │
                                                          ┌─────────────┴─────────────┐┌─────────────┴─────────────┐                             ┌─────────────┴─────────────┐┌─────────────┴─────────────┐
                                                          │       DataSourceExec      ││        HashJoinExec       │                             │   LiquidCacheClientExec   ││        HashJoinExec       │
                                                          │    --------------------   ││    --------------------   │                             │    --------------------   ││    --------------------   │
                                                          │          files: 1         ││            on:            ├──────────────┐              │          server:          ││            on:            ├──────────────┐
                                                          │      format: parquet      ││  (p_partkey = ps_partkey) │              │              │  http://localhost:50051,  ││(n_nationkey = s_nationkey)│              │
                                                          │                           ││                           │              │              │      object_stores=[]     ││                           │              │
                                                          └───────────────────────────┘└─────────────┬─────────────┘              │              └─────────────┬─────────────┘└─────────────┬─────────────┘              │
                                                                                       ┌─────────────┴─────────────┐┌─────────────┴─────────────┐┌─────────────┴─────────────┐┌─────────────┴─────────────┐┌─────────────┴─────────────┐
                                                                                       │   LiquidCacheClientExec   ││   LiquidCacheClientExec   ││       DataSourceExec      ││   LiquidCacheClientExec   ││      RepartitionExec      │
                                                                                       │    --------------------   ││    --------------------   ││    --------------------   ││    --------------------   ││    --------------------   │
                                                                                       │          server:          ││          server:          ││          files: 1         ││          server:          ││ partition_count(in->out): │
                                                                                       │  http://localhost:50051,  ││  http://localhost:50051,  ││      format: parquet      ││  http://localhost:50051,  ││           1 -> 8          │
                                                                                       │      object_stores=[]     ││      object_stores=[]     ││                           ││      object_stores=[]     ││                           │
                                                                                       │                           ││                           ││         predicate:        ││                           ││    partitioning_scheme:   │
                                                                                       │                           ││                           ││      r_name = EUROPE      ││                           ││     RoundRobinBatch(8)    │
                                                                                       └─────────────┬─────────────┘└─────────────┬─────────────┘└───────────────────────────┘└─────────────┬─────────────┘└─────────────┬─────────────┘
                                                                                       ┌─────────────┴─────────────┐┌─────────────┴─────────────┐                             ┌─────────────┴─────────────┐┌─────────────┴─────────────┐
                                                                                       │       DataSourceExec      ││       DataSourceExec      │                             │       DataSourceExec      ││        HashJoinExec       │
                                                                                       │    --------------------   ││    --------------------   │                             │    --------------------   ││    --------------------   │
                                                                                       │          files: 1         ││          files: 1         │                             │          files: 1         ││            on:            │
                                                                                       │      format: parquet      ││      format: parquet      │                             │      format: parquet      ││  (s_suppkey = ps_suppkey) │
                                                                                       │                           ││                           │                             │                           ││                           ├──────────────┐
                                                                                       │         predicate:        ││                           │                             │                           ││                           │              │
                                                                                       │   p_size = 15 AND p_type  ││                           │                             │                           ││                           │              │
                                                                                       │         LIKE %BRASS       ││                           │                             │                           ││                           │              │
                                                                                       └───────────────────────────┘└───────────────────────────┘                             └───────────────────────────┘└─────────────┬─────────────┘              │
                                                                                                                                                                                                           ┌─────────────┴─────────────┐┌─────────────┴─────────────┐
                                                                                                                                                                                                           │   LiquidCacheClientExec   ││   LiquidCacheClientExec   │
                                                                                                                                                                                                           │    --------------------   ││    --------------------   │
                                                                                                                                                                                                           │          server:          ││          server:          │
                                                                                                                                                                                                           │  http://localhost:50051,  ││  http://localhost:50051,  │
                                                                                                                                                                                                           │      object_stores=[]     ││      object_stores=[]     │
                                                                                                                                                                                                           └─────────────┬─────────────┘└─────────────┬─────────────┘
                                                                                                                                                                                                           ┌─────────────┴─────────────┐┌─────────────┴─────────────┐
                                                                                                                                                                                                           │       DataSourceExec      ││       DataSourceExec      │
                                                                                                                                                                                                           │    --------------------   ││    --------------------   │
                                                                                                                                                                                                           │          files: 1         ││          files: 1         │
                                                                                                                                                                                                           │      format: parquet      ││      format: parquet      │
                                                                                                                                                                                                           └───────────────────────────┘└───────────────────────────┘
