---
source: src/datafusion-client/src/tests/mod.rs
expression: displayable.tree_render().to_string()
---
┌───────────────────────────┐
│  SortPreservingMergeExec  │
│    --------------------   │
│        revenue DESC       │
└─────────────┬─────────────┘
┌─────────────┴─────────────┐
│          SortExec         │
│    --------------------   │
│       revenue@1 DESC      │
└─────────────┬─────────────┘
┌─────────────┴─────────────┐
│       ProjectionExec      │
│    --------------------   │
│       n_name: n_name      │
│                           │
│          revenue:         │
│        sum(lineitem       │
│        .l_extendedp       │
│ rice * Int64(1) - lineitem│
│        .l_discount)       │
└─────────────┬─────────────┘
┌─────────────┴─────────────┐
│       AggregateExec       │
│    --------------------   │
│           aggr:           │
│        sum(lineitem       │
│        .l_extendedp       │
│   rice * Some(1),20,0 -   │
│     lineitem.l_discount   │
│     ) as sum(lineitem     │
│     .l_extendedprice      │
│   * Int64(1) - lineitem   │
│        .l_discount)       │
│                           │
│      group_by: n_name     │
│                           │
│           mode:           │
│      FinalPartitioned     │
└─────────────┬─────────────┘
┌─────────────┴─────────────┐
│      RepartitionExec      │
│    --------------------   │
│ partition_count(in->out): │
│           8 -> 8          │
│                           │
│    partitioning_scheme:   │
│    Hash([n_name@0], 8)    │
└─────────────┬─────────────┘
┌─────────────┴─────────────┐
│       AggregateExec       │
│    --------------------   │
│           aggr:           │
│        sum(lineitem       │
│        .l_extendedp       │
│   rice * Some(1),20,0 -   │
│     lineitem.l_discount   │
│     ) as sum(lineitem     │
│     .l_extendedprice      │
│   * Int64(1) - lineitem   │
│        .l_discount)       │
│                           │
│      group_by: n_name     │
│       mode: Partial       │
└─────────────┬─────────────┘
┌─────────────┴─────────────┐
│        HashJoinExec       │
│    --------------------   │
│            on:            ├──────────────┐
│(r_regionkey = n_regionkey)│              │
└─────────────┬─────────────┘              │
┌─────────────┴─────────────┐┌─────────────┴─────────────┐
│   LiquidCacheClientExec   ││        HashJoinExec       │
│    --------------------   ││    --------------------   │
│          server:          ││            on:            ├──────────────┐
│  http://localhost:50051,  ││(n_nationkey = s_nationkey)│              │
│      object_stores=[]     ││                           │              │
└─────────────┬─────────────┘└─────────────┬─────────────┘              │
┌─────────────┴─────────────┐┌─────────────┴─────────────┐┌─────────────┴─────────────┐
│       DataSourceExec      ││   LiquidCacheClientExec   ││        HashJoinExec       │
│    --------------------   ││    --------------------   ││    --------------------   │
│          files: 1         ││          server:          ││            on:            │
│      format: parquet      ││  http://localhost:50051,  ││ (s_suppkey = l_suppkey),  ├──────────────┐
│                           ││      object_stores=[]     ││       (s_nationkey =      │              │
│         predicate:        ││                           ││        c_nationkey)       │              │
│       r_name = ASIA       ││                           ││                           │              │
└───────────────────────────┘└─────────────┬─────────────┘└─────────────┬─────────────┘              │
                             ┌─────────────┴─────────────┐┌─────────────┴─────────────┐┌─────────────┴─────────────┐
                             │       DataSourceExec      ││   LiquidCacheClientExec   ││      RepartitionExec      │
                             │    --------------------   ││    --------------------   ││    --------------------   │
                             │          files: 1         ││          server:          ││ partition_count(in->out): │
                             │      format: parquet      ││  http://localhost:50051,  ││           1 -> 8          │
                             │                           ││      object_stores=[]     ││                           │
                             │                           ││                           ││    partitioning_scheme:   │
                             │                           ││                           ││     RoundRobinBatch(8)    │
                             └───────────────────────────┘└─────────────┬─────────────┘└─────────────┬─────────────┘
                                                          ┌─────────────┴─────────────┐┌─────────────┴─────────────┐
                                                          │       DataSourceExec      ││        HashJoinExec       │
                                                          │    --------------------   ││    --------------------   │
                                                          │          files: 1         ││            on:            ├───────────────────────────────────────────┐
                                                          │      format: parquet      ││ (o_orderkey = l_orderkey) │                                           │
                                                          └───────────────────────────┘└─────────────┬─────────────┘                                           │
                                                                                       ┌─────────────┴─────────────┐                             ┌─────────────┴─────────────┐
                                                                                       │   CoalescePartitionsExec  │                             │   LiquidCacheClientExec   │
                                                                                       │                           │                             │    --------------------   │
                                                                                       │                           │                             │          server:          │
                                                                                       │                           │                             │  http://localhost:50051,  │
                                                                                       │                           │                             │      object_stores=[]     │
                                                                                       └─────────────┬─────────────┘                             └─────────────┬─────────────┘
                                                                                       ┌─────────────┴─────────────┐                             ┌─────────────┴─────────────┐
                                                                                       │        HashJoinExec       │                             │       DataSourceExec      │
                                                                                       │    --------------------   │                             │    --------------------   │
                                                                                       │            on:            ├──────────────┐              │          files: 1         │
                                                                                       │  (c_custkey = o_custkey)  │              │              │      format: parquet      │
                                                                                       └─────────────┬─────────────┘              │              └───────────────────────────┘
                                                                                       ┌─────────────┴─────────────┐┌─────────────┴─────────────┐
                                                                                       │   LiquidCacheClientExec   ││   LiquidCacheClientExec   │
                                                                                       │    --------------------   ││    --------------------   │
                                                                                       │          server:          ││          server:          │
                                                                                       │  http://localhost:50051,  ││  http://localhost:50051,  │
                                                                                       │      object_stores=[]     ││      object_stores=[]     │
                                                                                       └─────────────┬─────────────┘└─────────────┬─────────────┘
                                                                                       ┌─────────────┴─────────────┐┌─────────────┴─────────────┐
                                                                                       │       DataSourceExec      ││      RepartitionExec      │
                                                                                       │    --------------------   ││    --------------------   │
                                                                                       │          files: 1         ││ partition_count(in->out): │
                                                                                       │      format: parquet      ││           1 -> 8          │
                                                                                       │                           ││                           │
                                                                                       │                           ││    partitioning_scheme:   │
                                                                                       │                           ││     RoundRobinBatch(8)    │
                                                                                       └───────────────────────────┘└─────────────┬─────────────┘
                                                                                                                    ┌─────────────┴─────────────┐
                                                                                                                    │       DataSourceExec      │
                                                                                                                    │    --------------------   │
                                                                                                                    │          files: 1         │
                                                                                                                    │      format: parquet      │
                                                                                                                    │                           │
                                                                                                                    │         predicate:        │
                                                                                                                    │ o_orderdate >= 1994-01-01 │
                                                                                                                    │   AND o_orderdate < 1995  │
                                                                                                                    │           -01-01          │
                                                                                                                    └───────────────────────────┘
